03/17/2020 11:49:57 - INFO: Program Start
